// Jest Snapshot v1, https://goo.gl/fbAQLP

exports[`QrCodeDialogComponent should create the component 1`] = `
<app-qr-code-dialog
  componentName={[Function String]}
  data={[Function Object]}
  dialog={[Function _MatDialog]}
>
  <div
    class="mat-mdc-dialog-content mdc-dialog__content qr-code-dialog__header"
    mat-dialog-content=""
  >
    <h2
      class="mat-mdc-dialog-title mdc-dialog__title qr-code-dialog__title"
      mat-dialog-title=""
    >
      title
    </h2>
  </div><div
    class="mat-mdc-dialog-content mdc-dialog__content qr-code-dialog__content"
    mat-dialog-content=""
  >
    <span>
      subTitle
    </span>
    <qrcode>
      <div
        class="qrcode"
      />
    </qrcode>
  </div><div
    class="mat-mdc-dialog-actions mdc-dialog__actions qr-code-dialog__actions"
    mat-dialog-actions=""
  >
    <button
      mat-button=""
      mat-dialog-close=""
      obbutton="primary"
      type="button"
    >
       i18n.common.close 
    </button>
  </div>
</app-qr-code-dialog>
`;
